// Jest Snapshot v1, https://goo.gl/fbAQLP

exports[`Text is expected 1`] = `
<div
  className="sc-bdVaJa dsMjwO"
  color="#333"
/>
`;
